Traceback (most recent call last):
  File "/gpfs/f6/bil-fire10-oar/world-shared/gge/Miniforge3/envs/pyDAmonitor/lib/python3.11/site-packages/jupyter_core/utils/__init__.py", line 154, in wrapped
    asyncio.get_running_loop()
RuntimeError: no running event loop

During handling of the above exception, another exception occurred:

Traceback (most recent call last):
  File "/gpfs/f6/bil-fire10-oar/world-shared/gge/Miniforge3/envs/pyDAmonitor/lib/python3.11/site-packages/jupyter_cache/executors/utils.py", line 58, in single_nb_execution
    executenb(
  File "/gpfs/f6/bil-fire10-oar/world-shared/gge/Miniforge3/envs/pyDAmonitor/lib/python3.11/site-packages/nbclient/client.py", line 1319, in execute
    return NotebookClient(nb=nb, resources=resources, km=km, **kwargs).execute()
           ^^^^^^^^^^^^^^^^^^^^^^^^^^^^^^^^^^^^^^^^^^^^^^^^^^^^^^^^^^^^^^^^^^^^^
  File "/gpfs/f6/bil-fire10-oar/world-shared/gge/Miniforge3/envs/pyDAmonitor/lib/python3.11/site-packages/jupyter_core/utils/__init__.py", line 158, in wrapped
    return loop.run_until_complete(inner)
           ^^^^^^^^^^^^^^^^^^^^^^^^^^^^^^
  File "/gpfs/f6/bil-fire10-oar/world-shared/gge/Miniforge3/envs/pyDAmonitor/lib/python3.11/asyncio/base_events.py", line 654, in run_until_complete
    return future.result()
           ^^^^^^^^^^^^^^^
  File "/gpfs/f6/bil-fire10-oar/world-shared/gge/Miniforge3/envs/pyDAmonitor/lib/python3.11/site-packages/nbclient/client.py", line 709, in async_execute
    await self.async_execute_cell(
  File "/gpfs/f6/bil-fire10-oar/world-shared/gge/Miniforge3/envs/pyDAmonitor/lib/python3.11/site-packages/nbclient/client.py", line 1062, in async_execute_cell
    await self._check_raise_for_error(cell, cell_index, exec_reply)
  File "/gpfs/f6/bil-fire10-oar/world-shared/gge/Miniforge3/envs/pyDAmonitor/lib/python3.11/site-packages/nbclient/client.py", line 918, in _check_raise_for_error
    raise CellExecutionError.from_cell_and_msg(cell, exec_reply_content)
nbclient.exceptions.CellExecutionError: An error occurred while executing the following cell:
------------------
%%time
import numpy as np
from netCDF4 import Dataset

import matplotlib.pyplot as plt
import matplotlib as mpl
import cartopy
import cartopy.crs as ccrs
import cartopy.feature as cfeature
from DAmonitor.base import query_dataset, query_obj
cartopy.config['data_dir'] = f"{pyDAmonitor_ROOT}/data/natural_earth_data"
------------------

----- stdout -----
CPU times: user 7.13 s, sys: 37.9 ms, total: 7.17 s
Wall time: 235 ms
------------------

[31m---------------------------------------------------------------------------[39m
[31mTypeError[39m                                 Traceback (most recent call last)
[36mCell[39m[36m [39m[32mIn[2][39m[32m, line 1[39m
[32m----> [39m[32m1[39m [43mget_ipython[49m[43m([49m[43m)[49m[43m.[49m[43mrun_cell_magic[49m[43m([49m[33;43m'[39;49m[33;43mtime[39;49m[33;43m'[39;49m[43m,[49m[43m [49m[33;43m'[39;49m[33;43m'[39;49m[43m,[49m[43m [49m[33;43m'[39;49m[33;43mimport numpy as np[39;49m[38;5;130;43;01m\n[39;49;00m[33;43mfrom netCDF4 import Dataset[39;49m[38;5;130;43;01m\n[39;49;00m[38;5;130;43;01m\n[39;49;00m[33;43mimport matplotlib.pyplot as plt[39;49m[38;5;130;43;01m\n[39;49;00m[33;43mimport matplotlib as mpl[39;49m[38;5;130;43;01m\n[39;49;00m[33;43mimport cartopy[39;49m[38;5;130;43;01m\n[39;49;00m[33;43mimport cartopy.crs as ccrs[39;49m[38;5;130;43;01m\n[39;49;00m[33;43mimport cartopy.feature as cfeature[39;49m[38;5;130;43;01m\n[39;49;00m[33;43mfrom DAmonitor.base import query_dataset, query_obj[39;49m[38;5;130;43;01m\n[39;49;00m[33;43mcartopy.config[[39;49m[38;5;130;43;01m\'[39;49;00m[33;43mdata_dir[39;49m[38;5;130;43;01m\'[39;49;00m[33;43m] = f[39;49m[33;43m"[39;49m[38;5;132;43;01m{pyDAmonitor_ROOT}[39;49;00m[33;43m/data/natural_earth_data[39;49m[33;43m"[39;49m[38;5;130;43;01m\n[39;49;00m[33;43m'[39;49m[43m)[49m

[36mFile [39m[32m/gpfs/f6/bil-fire10-oar/world-shared/gge/Miniforge3/envs/pyDAmonitor/lib/python3.11/site-packages/IPython/core/interactiveshell.py:2565[39m, in [36mInteractiveShell.run_cell_magic[39m[34m(self, magic_name, line, cell)[39m
[32m   2563[39m [38;5;28;01mwith[39;00m [38;5;28mself[39m.builtin_trap:
[32m   2564[39m     args = (magic_arg_s, cell)
[32m-> [39m[32m2565[39m     result = [43mfn[49m[43m([49m[43m*[49m[43margs[49m[43m,[49m[43m [49m[43m*[49m[43m*[49m[43mkwargs[49m[43m)[49m
[32m   2567[39m [38;5;66;03m# The code below prevents the output from being displayed[39;00m
[32m   2568[39m [38;5;66;03m# when using magics with decorator @output_can_be_silenced[39;00m
[32m   2569[39m [38;5;66;03m# when the last Python token in the expression is a ';'.[39;00m
[32m   2570[39m [38;5;28;01mif[39;00m [38;5;28mgetattr[39m(fn, magic.MAGIC_OUTPUT_CAN_BE_SILENCED, [38;5;28;01mFalse[39;00m):

[36mFile [39m[32m/gpfs/f6/bil-fire10-oar/world-shared/gge/Miniforge3/envs/pyDAmonitor/lib/python3.11/site-packages/IPython/core/magics/execution.py:1470[39m, in [36mExecutionMagics.time[39m[34m(self, line, cell, local_ns)[39m
[32m   1468[39m [38;5;28;01mif[39;00m interrupt_occured:
[32m   1469[39m     [38;5;28;01mif[39;00m exit_on_interrupt [38;5;129;01mand[39;00m captured_exception:
[32m-> [39m[32m1470[39m         [38;5;28;01mraise[39;00m captured_exception
[32m   1471[39m     [38;5;28;01mreturn[39;00m
[32m   1472[39m [38;5;28;01mreturn[39;00m out

[36mFile [39m[32m/gpfs/f6/bil-fire10-oar/world-shared/gge/Miniforge3/envs/pyDAmonitor/lib/python3.11/site-packages/IPython/core/magics/execution.py:1434[39m, in [36mExecutionMagics.time[39m[34m(self, line, cell, local_ns)[39m
[32m   1432[39m st = clock2()
[32m   1433[39m [38;5;28;01mtry[39;00m:
[32m-> [39m[32m1434[39m     [43mexec[49m[43m([49m[43mcode[49m[43m,[49m[43m [49m[43mglob[49m[43m,[49m[43m [49m[43mlocal_ns[49m[43m)[49m
[32m   1435[39m     out = [38;5;28;01mNone[39;00m
[32m   1436[39m     [38;5;66;03m# multi-line %%time case[39;00m

[36mFile [39m[32m<timed exec>:4[39m

[36mFile [39m[32m/gpfs/f6/bil-fire10-oar/world-shared/gge/Miniforge3/envs/pyDAmonitor/lib/python3.11/site-packages/matplotlib/__init__.py:1299[39m
[32m   1295[39m     rcParams[[33m'[39m[33mbackend_fallback[39m[33m'[39m] = [38;5;28;01mFalse[39;00m
[32m   1298[39m [38;5;28;01mif[39;00m os.environ.get([33m'[39m[33mMPLBACKEND[39m[33m'[39m):
[32m-> [39m[32m1299[39m     [43mrcParams[49m[43m[[49m[33;43m'[39;49m[33;43mbackend[39;49m[33;43m'[39;49m[43m][49m = os.environ.get([33m'[39m[33mMPLBACKEND[39m[33m'[39m)
[32m   1302[39m [38;5;28;01mdef[39;00m[38;5;250m [39m[34mget_backend[39m(*, auto_select=[38;5;28;01mTrue[39;00m):
[32m   1303[39m [38;5;250m    [39m[33;03m"""[39;00m
[32m   1304[39m [33;03m    Return the name of the current backend.[39;00m
[32m   1305[39m 
[32m   (...)[39m[32m   1323[39m [33;03m    matplotlib.use[39;00m
[32m   1324[39m [33;03m    """[39;00m

[36mFile [39m[32m/gpfs/f6/bil-fire10-oar/world-shared/gge/Miniforge3/envs/pyDAmonitor/lib/python3.11/site-packages/matplotlib/__init__.py:772[39m, in [36mRcParams.__setitem__[39m[34m(self, key, val)[39m
[32m    770[39m             [38;5;28;01mreturn[39;00m
[32m    771[39m [38;5;28;01mtry[39;00m:
[32m--> [39m[32m772[39m     cval = [38;5;28;43mself[39;49m[43m.[49m[43mvalidate[49m[43m[[49m[43mkey[49m[43m][49m[43m([49m[43mval[49m[43m)[49m
[32m    773[39m [38;5;28;01mexcept[39;00m [38;5;167;01mValueError[39;00m [38;5;28;01mas[39;00m ve:
[32m    774[39m     [38;5;28;01mraise[39;00m [38;5;167;01mValueError[39;00m([33mf[39m[33m"[39m[33mKey [39m[38;5;132;01m{[39;00mkey[38;5;132;01m}[39;00m[33m: [39m[38;5;132;01m{[39;00mve[38;5;132;01m}[39;00m[33m"[39m) [38;5;28;01mfrom[39;00m[38;5;250m [39m[38;5;28;01mNone[39;00m

[36mFile [39m[32m/gpfs/f6/bil-fire10-oar/world-shared/gge/Miniforge3/envs/pyDAmonitor/lib/python3.11/site-packages/matplotlib/rcsetup.py:273[39m, in [36mvalidate_backend[39m[34m(s)[39m
[32m    272[39m [38;5;28;01mdef[39;00m[38;5;250m [39m[34mvalidate_backend[39m(s):
[32m--> [39m[32m273[39m     [38;5;28;01mif[39;00m s [38;5;129;01mis[39;00m _auto_backend_sentinel [38;5;129;01mor[39;00m [43mbackend_registry[49m[43m.[49m[43mis_valid_backend[49m[43m([49m[43ms[49m[43m)[49m:
[32m    274[39m         [38;5;28;01mreturn[39;00m s
[32m    275[39m     [38;5;28;01melse[39;00m:

[36mFile [39m[32m/gpfs/f6/bil-fire10-oar/world-shared/gge/Miniforge3/envs/pyDAmonitor/lib/python3.11/site-packages/matplotlib/backends/registry.py:244[39m, in [36mBackendRegistry.is_valid_backend[39m[34m(self, backend)[39m
[32m    241[39m     [38;5;28;01mreturn[39;00m [38;5;28;01mTrue[39;00m
[32m    243[39m [38;5;66;03m# Only load entry points if really need to and not already done so.[39;00m
[32m--> [39m[32m244[39m [38;5;28;43mself[39;49m[43m.[49m[43m_ensure_entry_points_loaded[49m[43m([49m[43m)[49m
[32m    245[39m [38;5;28;01mif[39;00m backend [38;5;129;01min[39;00m [38;5;28mself[39m._backend_to_gui_framework:
[32m    246[39m     [38;5;28;01mreturn[39;00m [38;5;28;01mTrue[39;00m

[36mFile [39m[32m/gpfs/f6/bil-fire10-oar/world-shared/gge/Miniforge3/envs/pyDAmonitor/lib/python3.11/site-packages/matplotlib/backends/registry.py:116[39m, in [36mBackendRegistry._ensure_entry_points_loaded[39m[34m(self)[39m
[32m    113[39m [38;5;28;01mdef[39;00m[38;5;250m [39m[34m_ensure_entry_points_loaded[39m([38;5;28mself[39m):
[32m    114[39m     [38;5;66;03m# Load entry points, if they have not already been loaded.[39;00m
[32m    115[39m     [38;5;28;01mif[39;00m [38;5;129;01mnot[39;00m [38;5;28mself[39m._loaded_entry_points:
[32m--> [39m[32m116[39m         entries = [38;5;28;43mself[39;49m[43m.[49m[43m_read_entry_points[49m[43m([49m[43m)[49m
[32m    117[39m         [38;5;28mself[39m._validate_and_store_entry_points(entries)
[32m    118[39m         [38;5;28mself[39m._loaded_entry_points = [38;5;28;01mTrue[39;00m

[36mFile [39m[32m/gpfs/f6/bil-fire10-oar/world-shared/gge/Miniforge3/envs/pyDAmonitor/lib/python3.11/site-packages/matplotlib/backends/registry.py:136[39m, in [36mBackendRegistry._read_entry_points[39m[34m(self)[39m
[32m    128[39m [38;5;28;01mdef[39;00m[38;5;250m [39m[34m_read_entry_points[39m([38;5;28mself[39m):
[32m    129[39m     [38;5;66;03m# Read entry points of modules that self-advertise as Matplotlib backends.[39;00m
[32m    130[39m     [38;5;66;03m# Expects entry points like this one from matplotlib-inline (in pyproject.toml[39;00m
[32m    131[39m     [38;5;66;03m# format):[39;00m
[32m    132[39m     [38;5;66;03m#   [project.entry-points."matplotlib.backend"][39;00m
[32m    133[39m     [38;5;66;03m#   inline = "matplotlib_inline.backend_inline"[39;00m
[32m    134[39m     [38;5;28;01mimport[39;00m[38;5;250m [39m[34;01mimportlib[39;00m[34;01m.[39;00m[34;01mmetadata[39;00m[38;5;250m [39m[38;5;28;01mas[39;00m[38;5;250m [39m[34;01mim[39;00m
[32m--> [39m[32m136[39m     entry_points = [43mim[49m[43m.[49m[43mentry_points[49m[43m([49m[43mgroup[49m[43m=[49m[33;43m"[39;49m[33;43mmatplotlib.backend[39;49m[33;43m"[39;49m[43m)[49m
[32m    137[39m     entries = [(entry.name, entry.value) [38;5;28;01mfor[39;00m entry [38;5;129;01min[39;00m entry_points]
[32m    139[39m     [38;5;66;03m# For backward compatibility, if matplotlib-inline and/or ipympl are installed[39;00m
[32m    140[39m     [38;5;66;03m# but too old to include entry points, create them. Do not import ipympl[39;00m
[32m    141[39m     [38;5;66;03m# directly as this calls matplotlib.use() whilst in this function.[39;00m

[36mFile [39m[32m/gpfs/f6/bil-fire10-oar/world-shared/gge/Miniforge3/envs/pyDAmonitor/lib/python3.11/importlib/metadata/__init__.py:1041[39m, in [36mentry_points[39m[34m(**params)[39m
[32m   1022[39m [38;5;250m[39m[33;03m"""Return EntryPoint objects for all installed packages.[39;00m
[32m   1023[39m 
[32m   1024[39m [33;03mPass selection parameters (group or name) to filter the[39;00m
[32m   (...)[39m[32m   1036[39m [33;03m:return: EntryPoints or SelectableGroups for all installed packages.[39;00m
[32m   1037[39m [33;03m"""[39;00m
[32m   1038[39m eps = itertools.chain.from_iterable(
[32m   1039[39m     dist.entry_points [38;5;28;01mfor[39;00m dist [38;5;129;01min[39;00m _unique(distributions())
[32m   1040[39m )
[32m-> [39m[32m1041[39m [38;5;28;01mreturn[39;00m [43mSelectableGroups[49m[43m.[49m[43mload[49m[43m([49m[43meps[49m[43m)[49m.select(**params)

[36mFile [39m[32m/gpfs/f6/bil-fire10-oar/world-shared/gge/Miniforge3/envs/pyDAmonitor/lib/python3.11/importlib/metadata/__init__.py:476[39m, in [36mSelectableGroups.load[39m[34m(cls, eps)[39m
[32m    473[39m [38;5;129m@classmethod[39m
[32m    474[39m [38;5;28;01mdef[39;00m[38;5;250m [39m[34mload[39m([38;5;28mcls[39m, eps):
[32m    475[39m     by_group = operator.attrgetter([33m'[39m[33mgroup[39m[33m'[39m)
[32m--> [39m[32m476[39m     ordered = [38;5;28;43msorted[39;49m[43m([49m[43meps[49m[43m,[49m[43m [49m[43mkey[49m[43m=[49m[43mby_group[49m[43m)[49m
[32m    477[39m     grouped = itertools.groupby(ordered, by_group)
[32m    478[39m     [38;5;28;01mreturn[39;00m [38;5;28mcls[39m((group, EntryPoints(eps)) [38;5;28;01mfor[39;00m group, eps [38;5;129;01min[39;00m grouped)

[36mFile [39m[32m/gpfs/f6/bil-fire10-oar/world-shared/gge/Miniforge3/envs/pyDAmonitor/lib/python3.11/importlib/metadata/__init__.py:1038[39m, in [36m<genexpr>[39m[34m(.0)[39m
[32m   1021[39m [38;5;28;01mdef[39;00m[38;5;250m [39m[34mentry_points[39m(**params) -> Union[EntryPoints, SelectableGroups]:
[32m   1022[39m [38;5;250m    [39m[33;03m"""Return EntryPoint objects for all installed packages.[39;00m
[32m   1023[39m 
[32m   1024[39m [33;03m    Pass selection parameters (group or name) to filter the[39;00m
[32m   (...)[39m[32m   1036[39m [33;03m    :return: EntryPoints or SelectableGroups for all installed packages.[39;00m
[32m   1037[39m [33;03m    """[39;00m
[32m-> [39m[32m1038[39m     eps = itertools.chain.from_iterable[43m([49m
[32m   1039[39m [43m        [49m[43mdist[49m[43m.[49m[43mentry_points[49m[43m [49m[38;5;28;43;01mfor[39;49;00m[43m [49m[43mdist[49m[43m [49m[38;5;129;43;01min[39;49;00m[43m [49m[43m_unique[49m[43m([49m[43mdistributions[49m[43m([49m[43m)[49m[43m)[49m
[32m   1040[39m [43m    [49m[43m)[49m
[32m   1041[39m     [38;5;28;01mreturn[39;00m SelectableGroups.load(eps).select(**params)

[36mFile [39m[32m/gpfs/f6/bil-fire10-oar/world-shared/gge/Miniforge3/envs/pyDAmonitor/lib/python3.11/importlib/metadata/_itertools.py:15[39m, in [36munique_everseen[39m[34m(iterable, key)[39m
[32m     13[39m         [38;5;28;01myield[39;00m element
[32m     14[39m [38;5;28;01melse[39;00m:
[32m---> [39m[32m15[39m [43m    [49m[38;5;28;43;01mfor[39;49;00m[43m [49m[43melement[49m[43m [49m[38;5;129;43;01min[39;49;00m[43m [49m[43miterable[49m[43m:[49m
[32m     16[39m [43m        [49m[43mk[49m[43m [49m[43m=[49m[43m [49m[43mkey[49m[43m([49m[43melement[49m[43m)[49m
[32m     17[39m [43m        [49m[38;5;28;43;01mif[39;49;00m[43m [49m[43mk[49m[43m [49m[38;5;129;43;01mnot[39;49;00m[43m [49m[38;5;129;43;01min[39;49;00m[43m [49m[43mseen[49m[43m:[49m

[36mFile [39m[32m/gpfs/f6/bil-fire10-oar/world-shared/gge/Miniforge3/envs/pyDAmonitor/lib/python3.11/importlib/metadata/__init__.py:915[39m, in [36m<genexpr>[39m[34m(.0)[39m
[32m    912[39m [38;5;250m[39m[33;03m"""Find metadata directories in paths heuristically."""[39;00m
[32m    913[39m prepared = Prepared(name)
[32m    914[39m [38;5;28;01mreturn[39;00m itertools.chain.from_iterable(
[32m--> [39m[32m915[39m     [43mpath[49m[43m.[49m[43msearch[49m[43m([49m[43mprepared[49m[43m)[49m [38;5;28;01mfor[39;00m path [38;5;129;01min[39;00m [38;5;28mmap[39m(FastPath, paths)
[32m    916[39m )

[36mFile [39m[32m/gpfs/f6/bil-fire10-oar/world-shared/gge/Miniforge3/envs/pyDAmonitor/lib/python3.11/importlib/metadata/__init__.py:813[39m, in [36mFastPath.search[39m[34m(self, name)[39m
[32m    812[39m [38;5;28;01mdef[39;00m[38;5;250m [39m[34msearch[39m([38;5;28mself[39m, name):
[32m--> [39m[32m813[39m     [38;5;28;01mreturn[39;00m [38;5;28mself[39m.lookup([38;5;28;43mself[39;49m[43m.[49m[43mmtime[49m).search(name)

[36mFile [39m[32m/gpfs/f6/bil-fire10-oar/world-shared/gge/Miniforge3/envs/pyDAmonitor/lib/python3.11/importlib/metadata/__init__.py:818[39m, in [36mFastPath.mtime[39m[34m(self)[39m
[32m    815[39m [38;5;129m@property[39m
[32m    816[39m [38;5;28;01mdef[39;00m[38;5;250m [39m[34mmtime[39m([38;5;28mself[39m):
[32m    817[39m     [38;5;28;01mwith[39;00m suppress([38;5;167;01mOSError[39;00m):
[32m--> [39m[32m818[39m         [38;5;28;01mreturn[39;00m [43mos[49m[43m.[49m[43mstat[49m[43m([49m[38;5;28;43mself[39;49m[43m.[49m[43mroot[49m[43m)[49m.st_mtime
[32m    819[39m     [38;5;28mself[39m.lookup.cache_clear()

[31mTypeError[39m: stat: path should be string, bytes, os.PathLike or integer, not NoneType

