Traceback (most recent call last):
  File "/gpfs/f6/bil-fire10-oar/world-shared/gge/Miniforge3/envs/pyDAmonitor/lib/python3.11/site-packages/jupyter_core/utils/__init__.py", line 154, in wrapped
    asyncio.get_running_loop()
RuntimeError: no running event loop

During handling of the above exception, another exception occurred:

Traceback (most recent call last):
  File "/gpfs/f6/bil-fire10-oar/world-shared/gge/Miniforge3/envs/pyDAmonitor/lib/python3.11/site-packages/jupyter_cache/executors/utils.py", line 58, in single_nb_execution
    executenb(
  File "/gpfs/f6/bil-fire10-oar/world-shared/gge/Miniforge3/envs/pyDAmonitor/lib/python3.11/site-packages/nbclient/client.py", line 1319, in execute
    return NotebookClient(nb=nb, resources=resources, km=km, **kwargs).execute()
           ^^^^^^^^^^^^^^^^^^^^^^^^^^^^^^^^^^^^^^^^^^^^^^^^^^^^^^^^^^^^^^^^^^^^^
  File "/gpfs/f6/bil-fire10-oar/world-shared/gge/Miniforge3/envs/pyDAmonitor/lib/python3.11/site-packages/jupyter_core/utils/__init__.py", line 158, in wrapped
    return loop.run_until_complete(inner)
           ^^^^^^^^^^^^^^^^^^^^^^^^^^^^^^
  File "/gpfs/f6/bil-fire10-oar/world-shared/gge/Miniforge3/envs/pyDAmonitor/lib/python3.11/asyncio/base_events.py", line 654, in run_until_complete
    return future.result()
           ^^^^^^^^^^^^^^^
  File "/gpfs/f6/bil-fire10-oar/world-shared/gge/Miniforge3/envs/pyDAmonitor/lib/python3.11/site-packages/nbclient/client.py", line 709, in async_execute
    await self.async_execute_cell(
  File "/gpfs/f6/bil-fire10-oar/world-shared/gge/Miniforge3/envs/pyDAmonitor/lib/python3.11/site-packages/nbclient/client.py", line 1062, in async_execute_cell
    await self._check_raise_for_error(cell, cell_index, exec_reply)
  File "/gpfs/f6/bil-fire10-oar/world-shared/gge/Miniforge3/envs/pyDAmonitor/lib/python3.11/site-packages/nbclient/client.py", line 918, in _check_raise_for_error
    raise CellExecutionError.from_cell_and_msg(cell, exec_reply_content)
nbclient.exceptions.CellExecutionError: An error occurred while executing the following cell:
------------------
%%time 

# autoload external python modules if they changed
%load_ext autoreload
%autoreload 2

import os, sys
pyDAmonitor_ROOT=os.getenv("pyDAmonitor_ROOT")
if pyDAmonitor_ROOT is None:
    print("!!! pyDAmonitor_ROOT is NOT set. Run `source ush/load_pyDAmonitor.sh`")
else:
    print(f"pyDAmonitor_ROOT={pyDAmonitor_ROOT}\n")
sys.path.insert(0, pyDAmonitor_ROOT)
    
# import modules
import warnings
import math
import numpy as np
import uxarray as ux
import xarray as xr
import pandas as pd
import seaborn as sns  # seaborn handles NaN values automatically
import matplotlib.pyplot as plt
from netCDF4 import Dataset
from DAmonitor.base import query_dataset, query_data, query_obj, to_dataframe, aircraft_reject_list_to_df

#jdiag_file=f"{pyDAmonitor_ROOT}/data/ioda/ioda_aircar.2024050600.nc"
jdiag_file=f"{pyDAmonitor_ROOT}/data/mpasjedi/jdiag_aircar_t133.nc"
------------------

----- stdout -----
!!! pyDAmonitor_ROOT is NOT set. Run `source ush/load_pyDAmonitor.sh`
----- stdout -----
CPU times: user 7.27 s, sys: 145 ms, total: 7.41 s
Wall time: 352 ms
------------------

[31m---------------------------------------------------------------------------[39m
[31mTypeError[39m                                 Traceback (most recent call last)
[36mCell[39m[36m [39m[32mIn[1][39m[32m, line 1[39m
[32m----> [39m[32m1[39m [43mget_ipython[49m[43m([49m[43m)[49m[43m.[49m[43mrun_cell_magic[49m[43m([49m[33;43m'[39;49m[33;43mtime[39;49m[33;43m'[39;49m[43m,[49m[43m [49m[33;43m'[39;49m[33;43m'[39;49m[43m,[49m[43m [49m[33;43m'[39;49m[38;5;130;43;01m\n[39;49;00m[33;43m# autoload external python modules if they changed[39;49m[38;5;130;43;01m\n[39;49;00m[38;5;132;43;01m%lo[39;49;00m[33;43mad_ext autoreload[39;49m[38;5;130;43;01m\n[39;49;00m[38;5;132;43;01m%a[39;49;00m[33;43mutoreload 2[39;49m[38;5;130;43;01m\n[39;49;00m[38;5;130;43;01m\n[39;49;00m[33;43mimport os, sys[39;49m[38;5;130;43;01m\n[39;49;00m[33;43mpyDAmonitor_ROOT=os.getenv([39;49m[33;43m"[39;49m[33;43mpyDAmonitor_ROOT[39;49m[33;43m"[39;49m[33;43m)[39;49m[38;5;130;43;01m\n[39;49;00m[33;43mif pyDAmonitor_ROOT is None:[39;49m[38;5;130;43;01m\n[39;49;00m[33;43m    print([39;49m[33;43m"[39;49m[33;43m!!! pyDAmonitor_ROOT is NOT set. Run `source ush/load_pyDAmonitor.sh`[39;49m[33;43m"[39;49m[33;43m)[39;49m[38;5;130;43;01m\n[39;49;00m[33;43melse:[39;49m[38;5;130;43;01m\n[39;49;00m[33;43m    print(f[39;49m[33;43m"[39;49m[33;43mpyDAmonitor_ROOT=[39;49m[38;5;132;43;01m{pyDAmonitor_ROOT}[39;49;00m[38;5;130;43;01m\\[39;49;00m[33;43mn[39;49m[33;43m"[39;49m[33;43m)[39;49m[38;5;130;43;01m\n[39;49;00m[33;43msys.path.insert(0, pyDAmonitor_ROOT)[39;49m[38;5;130;43;01m\n[39;49;00m[38;5;130;43;01m\n[39;49;00m[33;43m# import modules[39;49m[38;5;130;43;01m\n[39;49;00m[33;43mimport warnings[39;49m[38;5;130;43;01m\n[39;49;00m[33;43mimport math[39;49m[38;5;130;43;01m\n[39;49;00m[33;43mimport numpy as np[39;49m[38;5;130;43;01m\n[39;49;00m[33;43mimport uxarray as ux[39;49m[38;5;130;43;01m\n[39;49;00m[33;43mimport xarray as xr[39;49m[38;5;130;43;01m\n[39;49;00m[33;43mimport pandas as pd[39;49m[38;5;130;43;01m\n[39;49;00m[33;43mimport seaborn as sns  # seaborn handles NaN values automatically[39;49m[38;5;130;43;01m\n[39;49;00m[33;43mimport matplotlib.pyplot as plt[39;49m[38;5;130;43;01m\n[39;49;00m[33;43mfrom netCDF4 import Dataset[39;49m[38;5;130;43;01m\n[39;49;00m[33;43mfrom DAmonitor.base import query_dataset, query_data, query_obj, to_dataframe, aircraft_reject_list_to_df[39;49m[38;5;130;43;01m\n[39;49;00m[38;5;130;43;01m\n[39;49;00m[33;43m#jdiag_file=f[39;49m[33;43m"[39;49m[38;5;132;43;01m{pyDAmonitor_ROOT}[39;49;00m[33;43m/data/ioda/ioda_aircar.2024050600.nc[39;49m[33;43m"[39;49m[38;5;130;43;01m\n[39;49;00m[33;43mjdiag_file=f[39;49m[33;43m"[39;49m[38;5;132;43;01m{pyDAmonitor_ROOT}[39;49;00m[33;43m/data/mpasjedi/jdiag_aircar_t133.nc[39;49m[33;43m"[39;49m[38;5;130;43;01m\n[39;49;00m[33;43m'[39;49m[43m)[49m

[36mFile [39m[32m/gpfs/f6/bil-fire10-oar/world-shared/gge/Miniforge3/envs/pyDAmonitor/lib/python3.11/site-packages/IPython/core/interactiveshell.py:2565[39m, in [36mInteractiveShell.run_cell_magic[39m[34m(self, magic_name, line, cell)[39m
[32m   2563[39m [38;5;28;01mwith[39;00m [38;5;28mself[39m.builtin_trap:
[32m   2564[39m     args = (magic_arg_s, cell)
[32m-> [39m[32m2565[39m     result = [43mfn[49m[43m([49m[43m*[49m[43margs[49m[43m,[49m[43m [49m[43m*[49m[43m*[49m[43mkwargs[49m[43m)[49m
[32m   2567[39m [38;5;66;03m# The code below prevents the output from being displayed[39;00m
[32m   2568[39m [38;5;66;03m# when using magics with decorator @output_can_be_silenced[39;00m
[32m   2569[39m [38;5;66;03m# when the last Python token in the expression is a ';'.[39;00m
[32m   2570[39m [38;5;28;01mif[39;00m [38;5;28mgetattr[39m(fn, magic.MAGIC_OUTPUT_CAN_BE_SILENCED, [38;5;28;01mFalse[39;00m):

[36mFile [39m[32m/gpfs/f6/bil-fire10-oar/world-shared/gge/Miniforge3/envs/pyDAmonitor/lib/python3.11/site-packages/IPython/core/magics/execution.py:1470[39m, in [36mExecutionMagics.time[39m[34m(self, line, cell, local_ns)[39m
[32m   1468[39m [38;5;28;01mif[39;00m interrupt_occured:
[32m   1469[39m     [38;5;28;01mif[39;00m exit_on_interrupt [38;5;129;01mand[39;00m captured_exception:
[32m-> [39m[32m1470[39m         [38;5;28;01mraise[39;00m captured_exception
[32m   1471[39m     [38;5;28;01mreturn[39;00m
[32m   1472[39m [38;5;28;01mreturn[39;00m out

[36mFile [39m[32m/gpfs/f6/bil-fire10-oar/world-shared/gge/Miniforge3/envs/pyDAmonitor/lib/python3.11/site-packages/IPython/core/magics/execution.py:1434[39m, in [36mExecutionMagics.time[39m[34m(self, line, cell, local_ns)[39m
[32m   1432[39m st = clock2()
[32m   1433[39m [38;5;28;01mtry[39;00m:
[32m-> [39m[32m1434[39m     [43mexec[49m[43m([49m[43mcode[49m[43m,[49m[43m [49m[43mglob[49m[43m,[49m[43m [49m[43mlocal_ns[49m[43m)[49m
[32m   1435[39m     out = [38;5;28;01mNone[39;00m
[32m   1436[39m     [38;5;66;03m# multi-line %%time case[39;00m

[36mFile [39m[32m<timed exec>:17[39m

[36mFile [39m[32m/gpfs/f6/bil-fire10-oar/world-shared/gge/Miniforge3/envs/pyDAmonitor/lib/python3.11/site-packages/uxarray/__init__.py:2[39m
[32m      1[39m [38;5;28;01mfrom[39;00m[38;5;250m [39m[34;01m.[39;00m[34;01mconstants[39;00m[38;5;250m [39m[38;5;28;01mimport[39;00m INT_DTYPE, INT_FILL_VALUE
[32m----> [39m[32m2[39m [38;5;28;01mfrom[39;00m[38;5;250m [39m[34;01m.[39;00m[34;01mcore[39;00m[34;01m.[39;00m[34;01mapi[39;00m[38;5;250m [39m[38;5;28;01mimport[39;00m concat, open_dataset, open_grid, open_mfdataset
[32m      3[39m [38;5;28;01mfrom[39;00m[38;5;250m [39m[34;01m.[39;00m[34;01mcore[39;00m[34;01m.[39;00m[34;01mdataarray[39;00m[38;5;250m [39m[38;5;28;01mimport[39;00m UxDataArray
[32m      4[39m [38;5;28;01mfrom[39;00m[38;5;250m [39m[34;01m.[39;00m[34;01mcore[39;00m[34;01m.[39;00m[34;01mdataset[39;00m[38;5;250m [39m[38;5;28;01mimport[39;00m UxDataset

[36mFile [39m[32m/gpfs/f6/bil-fire10-oar/world-shared/gge/Miniforge3/envs/pyDAmonitor/lib/python3.11/site-packages/uxarray/core/__init__.py:1[39m
[32m----> [39m[32m1[39m [38;5;28;01mfrom[39;00m[38;5;250m [39m[34;01m.[39;00m[34;01mapi[39;00m[38;5;250m [39m[38;5;28;01mimport[39;00m open_dataset, open_grid, open_mfdataset
[32m      2[39m [38;5;28;01mfrom[39;00m[38;5;250m [39m[34;01m.[39;00m[34;01mdataarray[39;00m[38;5;250m [39m[38;5;28;01mimport[39;00m UxDataArray
[32m      3[39m [38;5;28;01mfrom[39;00m[38;5;250m [39m[34;01m.[39;00m[34;01mdataset[39;00m[38;5;250m [39m[38;5;28;01mimport[39;00m UxDataset

[36mFile [39m[32m/gpfs/f6/bil-fire10-oar/world-shared/gge/Miniforge3/envs/pyDAmonitor/lib/python3.11/site-packages/uxarray/core/api.py:9[39m
[32m      5[39m [38;5;28;01mfrom[39;00m[38;5;250m [39m[34;01mwarnings[39;00m[38;5;250m [39m[38;5;28;01mimport[39;00m warn
[32m      7[39m [38;5;28;01mimport[39;00m[38;5;250m [39m[34;01mnumpy[39;00m[38;5;250m [39m[38;5;28;01mas[39;00m[38;5;250m [39m[34;01mnp[39;00m
[32m----> [39m[32m9[39m [38;5;28;01mfrom[39;00m[38;5;250m [39m[34;01muxarray[39;00m[34;01m.[39;00m[34;01mcore[39;00m[34;01m.[39;00m[34;01mdataset[39;00m[38;5;250m [39m[38;5;28;01mimport[39;00m UxDataset
[32m     10[39m [38;5;28;01mfrom[39;00m[38;5;250m [39m[34;01muxarray[39;00m[34;01m.[39;00m[34;01mcore[39;00m[34;01m.[39;00m[34;01mutils[39;00m[38;5;250m [39m[38;5;28;01mimport[39;00m _map_dims_to_ugrid, match_chunks_to_ugrid
[32m     11[39m [38;5;28;01mfrom[39;00m[38;5;250m [39m[34;01muxarray[39;00m[34;01m.[39;00m[34;01mgrid[39;00m[38;5;250m [39m[38;5;28;01mimport[39;00m Grid

[36mFile [39m[32m/gpfs/f6/bil-fire10-oar/world-shared/gge/Miniforge3/envs/pyDAmonitor/lib/python3.11/site-packages/uxarray/core/dataset.py:10[39m
[32m      7[39m [38;5;28;01mfrom[39;00m[38;5;250m [39m[34;01mwarnings[39;00m[38;5;250m [39m[38;5;28;01mimport[39;00m warn
[32m      9[39m [38;5;28;01mimport[39;00m[38;5;250m [39m[34;01mnumpy[39;00m[38;5;250m [39m[38;5;28;01mas[39;00m[38;5;250m [39m[34;01mnp[39;00m
[32m---> [39m[32m10[39m [38;5;28;01mimport[39;00m[38;5;250m [39m[34;01mxarray[39;00m[38;5;250m [39m[38;5;28;01mas[39;00m[38;5;250m [39m[34;01mxr[39;00m
[32m     11[39m [38;5;28;01mfrom[39;00m[38;5;250m [39m[34;01mxarray[39;00m[34;01m.[39;00m[34;01mcore[39;00m[38;5;250m [39m[38;5;28;01mimport[39;00m dtypes
[32m     12[39m [38;5;28;01mfrom[39;00m[38;5;250m [39m[34;01mxarray[39;00m[34;01m.[39;00m[34;01mcore[39;00m[34;01m.[39;00m[34;01moptions[39;00m[38;5;250m [39m[38;5;28;01mimport[39;00m OPTIONS

[36mFile [39m[32m/gpfs/f6/bil-fire10-oar/world-shared/gge/Miniforge3/envs/pyDAmonitor/lib/python3.11/site-packages/xarray/__init__.py:3[39m
[32m      1[39m [38;5;28;01mfrom[39;00m[38;5;250m [39m[34;01mimportlib[39;00m[34;01m.[39;00m[34;01mmetadata[39;00m[38;5;250m [39m[38;5;28;01mimport[39;00m version [38;5;28;01mas[39;00m _version
[32m----> [39m[32m3[39m [38;5;28;01mfrom[39;00m[38;5;250m [39m[34;01mxarray[39;00m[38;5;250m [39m[38;5;28;01mimport[39;00m coders, groupers, indexes, testing, tutorial, ufuncs
[32m      4[39m [38;5;28;01mfrom[39;00m[38;5;250m [39m[34;01mxarray[39;00m[34;01m.[39;00m[34;01mbackends[39;00m[34;01m.[39;00m[34;01mapi[39;00m[38;5;250m [39m[38;5;28;01mimport[39;00m (
[32m      5[39m     load_dataarray,
[32m      6[39m     load_dataset,
[32m   (...)[39m[32m     12[39m     save_mfdataset,
[32m     13[39m )
[32m     14[39m [38;5;28;01mfrom[39;00m[38;5;250m [39m[34;01mxarray[39;00m[34;01m.[39;00m[34;01mbackends[39;00m[34;01m.[39;00m[34;01mzarr[39;00m[38;5;250m [39m[38;5;28;01mimport[39;00m open_zarr

[36mFile [39m[32m/gpfs/f6/bil-fire10-oar/world-shared/gge/Miniforge3/envs/pyDAmonitor/lib/python3.11/site-packages/xarray/coders.py:6[39m
[32m      1[39m [33;03m"""[39;00m
[32m      2[39m [33;03mThis module provides coder objects that encapsulate the[39;00m
[32m      3[39m [33;03m"encoding/decoding" process.[39;00m
[32m      4[39m [33;03m"""[39;00m
[32m----> [39m[32m6[39m [38;5;28;01mfrom[39;00m[38;5;250m [39m[34;01mxarray[39;00m[34;01m.[39;00m[34;01mcoding[39;00m[34;01m.[39;00m[34;01mtimes[39;00m[38;5;250m [39m[38;5;28;01mimport[39;00m CFDatetimeCoder, CFTimedeltaCoder
[32m      8[39m __all__ = [[33m"[39m[33mCFDatetimeCoder[39m[33m"[39m, [33m"[39m[33mCFTimedeltaCoder[39m[33m"[39m]

[36mFile [39m[32m/gpfs/f6/bil-fire10-oar/world-shared/gge/Miniforge3/envs/pyDAmonitor/lib/python3.11/site-packages/xarray/coding/times.py:15[39m
[32m     12[39m [38;5;28;01mimport[39;00m[38;5;250m [39m[34;01mpandas[39;00m[38;5;250m [39m[38;5;28;01mas[39;00m[38;5;250m [39m[34;01mpd[39;00m
[32m     13[39m [38;5;28;01mfrom[39;00m[38;5;250m [39m[34;01mpandas[39;00m[34;01m.[39;00m[34;01merrors[39;00m[38;5;250m [39m[38;5;28;01mimport[39;00m OutOfBoundsDatetime, OutOfBoundsTimedelta
[32m---> [39m[32m15[39m [38;5;28;01mfrom[39;00m[38;5;250m [39m[34;01mxarray[39;00m[34;01m.[39;00m[34;01mcoding[39;00m[34;01m.[39;00m[34;01mcommon[39;00m[38;5;250m [39m[38;5;28;01mimport[39;00m (
[32m     16[39m     SerializationWarning,
[32m     17[39m     VariableCoder,
[32m     18[39m     lazy_elemwise_func,
[32m     19[39m     pop_to,
[32m     20[39m     safe_setitem,
[32m     21[39m     unpack_for_decoding,
[32m     22[39m     unpack_for_encoding,
[32m     23[39m )
[32m     24[39m [38;5;28;01mfrom[39;00m[38;5;250m [39m[34;01mxarray[39;00m[34;01m.[39;00m[34;01mcompat[39;00m[34;01m.[39;00m[34;01mpdcompat[39;00m[38;5;250m [39m[38;5;28;01mimport[39;00m default_precision_timestamp, timestamp_as_unit
[32m     25[39m [38;5;28;01mfrom[39;00m[38;5;250m [39m[34;01mxarray[39;00m[34;01m.[39;00m[34;01mcore[39;00m[38;5;250m [39m[38;5;28;01mimport[39;00m indexing

[36mFile [39m[32m/gpfs/f6/bil-fire10-oar/world-shared/gge/Miniforge3/envs/pyDAmonitor/lib/python3.11/site-packages/xarray/coding/common.py:8[39m
[32m      4[39m [38;5;28;01mfrom[39;00m[38;5;250m [39m[34;01mtyping[39;00m[38;5;250m [39m[38;5;28;01mimport[39;00m TYPE_CHECKING, Any, Union
[32m      6[39m [38;5;28;01mimport[39;00m[38;5;250m [39m[34;01mnumpy[39;00m[38;5;250m [39m[38;5;28;01mas[39;00m[38;5;250m [39m[34;01mnp[39;00m
[32m----> [39m[32m8[39m [38;5;28;01mfrom[39;00m[38;5;250m [39m[34;01mxarray[39;00m[34;01m.[39;00m[34;01mcore[39;00m[38;5;250m [39m[38;5;28;01mimport[39;00m indexing
[32m      9[39m [38;5;28;01mfrom[39;00m[38;5;250m [39m[34;01mxarray[39;00m[34;01m.[39;00m[34;01mcore[39;00m[34;01m.[39;00m[34;01mvariable[39;00m[38;5;250m [39m[38;5;28;01mimport[39;00m Variable
[32m     10[39m [38;5;28;01mfrom[39;00m[38;5;250m [39m[34;01mxarray[39;00m[34;01m.[39;00m[34;01mnamedarray[39;00m[34;01m.[39;00m[34;01mparallelcompat[39;00m[38;5;250m [39m[38;5;28;01mimport[39;00m get_chunked_array_type

[36mFile [39m[32m/gpfs/f6/bil-fire10-oar/world-shared/gge/Miniforge3/envs/pyDAmonitor/lib/python3.11/site-packages/xarray/core/indexing.py:19[39m
[32m     16[39m [38;5;28;01mfrom[39;00m[38;5;250m [39m[34;01mnumpy[39;00m[34;01m.[39;00m[34;01mtyping[39;00m[38;5;250m [39m[38;5;28;01mimport[39;00m DTypeLike
[32m     17[39m [38;5;28;01mfrom[39;00m[38;5;250m [39m[34;01mpackaging[39;00m[34;01m.[39;00m[34;01mversion[39;00m[38;5;250m [39m[38;5;28;01mimport[39;00m Version
[32m---> [39m[32m19[39m [38;5;28;01mfrom[39;00m[38;5;250m [39m[34;01mxarray[39;00m[34;01m.[39;00m[34;01mcore[39;00m[38;5;250m [39m[38;5;28;01mimport[39;00m duck_array_ops
[32m     20[39m [38;5;28;01mfrom[39;00m[38;5;250m [39m[34;01mxarray[39;00m[34;01m.[39;00m[34;01mcore[39;00m[34;01m.[39;00m[34;01mcoordinate_transform[39;00m[38;5;250m [39m[38;5;28;01mimport[39;00m CoordinateTransform
[32m     21[39m [38;5;28;01mfrom[39;00m[38;5;250m [39m[34;01mxarray[39;00m[34;01m.[39;00m[34;01mcore[39;00m[34;01m.[39;00m[34;01mnputils[39;00m[38;5;250m [39m[38;5;28;01mimport[39;00m NumpyVIndexAdapter

[36mFile [39m[32m/gpfs/f6/bil-fire10-oar/world-shared/gge/Miniforge3/envs/pyDAmonitor/lib/python3.11/site-packages/xarray/core/duck_array_ops.py:28[39m
[32m     20[39m [38;5;28;01mfrom[39;00m[38;5;250m [39m[34;01mnumpy[39;00m[38;5;250m [39m[38;5;28;01mimport[39;00m (
[32m     21[39m     isclose,
[32m     22[39m     isnat,
[32m     23[39m     take,
[32m     24[39m     unravel_index,  [38;5;66;03m# noqa: F401[39;00m
[32m     25[39m )
[32m     26[39m [38;5;28;01mfrom[39;00m[38;5;250m [39m[34;01mpandas[39;00m[34;01m.[39;00m[34;01mapi[39;00m[34;01m.[39;00m[34;01mtypes[39;00m[38;5;250m [39m[38;5;28;01mimport[39;00m is_extension_array_dtype
[32m---> [39m[32m28[39m [38;5;28;01mfrom[39;00m[38;5;250m [39m[34;01mxarray[39;00m[34;01m.[39;00m[34;01mcompat[39;00m[38;5;250m [39m[38;5;28;01mimport[39;00m dask_array_compat, dask_array_ops
[32m     29[39m [38;5;28;01mfrom[39;00m[38;5;250m [39m[34;01mxarray[39;00m[34;01m.[39;00m[34;01mcompat[39;00m[34;01m.[39;00m[34;01marray_api_compat[39;00m[38;5;250m [39m[38;5;28;01mimport[39;00m get_array_namespace
[32m     30[39m [38;5;28;01mfrom[39;00m[38;5;250m [39m[34;01mxarray[39;00m[34;01m.[39;00m[34;01mcore[39;00m[38;5;250m [39m[38;5;28;01mimport[39;00m dtypes, nputils

[36mFile [39m[32m/gpfs/f6/bil-fire10-oar/world-shared/gge/Miniforge3/envs/pyDAmonitor/lib/python3.11/site-packages/xarray/compat/dask_array_ops.py:6[39m
[32m      3[39m [38;5;28;01mimport[39;00m[38;5;250m [39m[34;01mmath[39;00m
[32m      5[39m [38;5;28;01mfrom[39;00m[38;5;250m [39m[34;01mxarray[39;00m[34;01m.[39;00m[34;01mcompat[39;00m[34;01m.[39;00m[34;01mdask_array_compat[39;00m[38;5;250m [39m[38;5;28;01mimport[39;00m reshape_blockwise
[32m----> [39m[32m6[39m [38;5;28;01mfrom[39;00m[38;5;250m [39m[34;01mxarray[39;00m[34;01m.[39;00m[34;01mcore[39;00m[38;5;250m [39m[38;5;28;01mimport[39;00m dtypes, nputils
[32m      9[39m [38;5;28;01mdef[39;00m[38;5;250m [39m[34mdask_rolling_wrapper[39m(moving_func, a, window, min_count=[38;5;28;01mNone[39;00m, axis=-[32m1[39m):
[32m     10[39m [38;5;250m    [39m[33;03m"""Wrapper to apply bottleneck moving window funcs on dask arrays"""[39;00m

[36mFile [39m[32m/gpfs/f6/bil-fire10-oar/world-shared/gge/Miniforge3/envs/pyDAmonitor/lib/python3.11/site-packages/xarray/core/nputils.py:15[39m
[32m     12[39m [38;5;28;01mfrom[39;00m[38;5;250m [39m[34;01mxarray[39;00m[34;01m.[39;00m[34;01mnamedarray[39;00m[38;5;250m [39m[38;5;28;01mimport[39;00m pycompat
[32m     14[39m [38;5;66;03m# remove once numpy 2.0 is the oldest supported version[39;00m
[32m---> [39m[32m15[39m [38;5;28;01mif[39;00m [43mmodule_available[49m[43m([49m[33;43m"[39;49m[33;43mnumpy[39;49m[33;43m"[39;49m[43m,[49m[43m [49m[43mminversion[49m[43m=[49m[33;43m"[39;49m[33;43m2.0.0.dev0[39;49m[33;43m"[39;49m[43m)[49m:
[32m     16[39m     [38;5;28;01mfrom[39;00m[38;5;250m [39m[34;01mnumpy[39;00m[34;01m.[39;00m[34;01mlib[39;00m[34;01m.[39;00m[34;01marray_utils[39;00m[38;5;250m [39m[38;5;28;01mimport[39;00m (  [38;5;66;03m# type: ignore[import-not-found,unused-ignore][39;00m
[32m     17[39m         normalize_axis_index,
[32m     18[39m     )
[32m     19[39m [38;5;28;01melse[39;00m:

[36mFile [39m[32m/gpfs/f6/bil-fire10-oar/world-shared/gge/Miniforge3/envs/pyDAmonitor/lib/python3.11/site-packages/xarray/namedarray/utils.py:56[39m, in [36mmodule_available[39m[34m(module, minversion)[39m
[32m     53[39m     [38;5;28;01mreturn[39;00m [38;5;28;01mFalse[39;00m
[32m     55[39m [38;5;28;01mif[39;00m minversion [38;5;129;01mis[39;00m [38;5;129;01mnot[39;00m [38;5;28;01mNone[39;00m:
[32m---> [39m[32m56[39m     version = [43mimportlib[49m[43m.[49m[43mmetadata[49m[43m.[49m[43mversion[49m[43m([49m[43mmodule[49m[43m)[49m
[32m     58[39m     [38;5;28;01mreturn[39;00m Version(version) >= Version(minversion)
[32m     60[39m [38;5;28;01mreturn[39;00m [38;5;28;01mTrue[39;00m

[36mFile [39m[32m/gpfs/f6/bil-fire10-oar/world-shared/gge/Miniforge3/envs/pyDAmonitor/lib/python3.11/importlib/metadata/__init__.py:1009[39m, in [36mversion[39m[34m(distribution_name)[39m
[32m   1002[39m [38;5;28;01mdef[39;00m[38;5;250m [39m[34mversion[39m(distribution_name):
[32m   1003[39m [38;5;250m    [39m[33;03m"""Get the version string for the named package.[39;00m
[32m   1004[39m 
[32m   1005[39m [33;03m    :param distribution_name: The name of the distribution package to query.[39;00m
[32m   1006[39m [33;03m    :return: The version string for the package as defined in the package's[39;00m
[32m   1007[39m [33;03m        "Version" metadata key.[39;00m
[32m   1008[39m [33;03m    """[39;00m
[32m-> [39m[32m1009[39m     [38;5;28;01mreturn[39;00m [43mdistribution[49m[43m([49m[43mdistribution_name[49m[43m)[49m.version

[36mFile [39m[32m/gpfs/f6/bil-fire10-oar/world-shared/gge/Miniforge3/envs/pyDAmonitor/lib/python3.11/importlib/metadata/__init__.py:982[39m, in [36mdistribution[39m[34m(distribution_name)[39m
[32m    976[39m [38;5;28;01mdef[39;00m[38;5;250m [39m[34mdistribution[39m(distribution_name):
[32m    977[39m [38;5;250m    [39m[33;03m"""Get the ``Distribution`` instance for the named package.[39;00m
[32m    978[39m 
[32m    979[39m [33;03m    :param distribution_name: The name of the distribution package as a string.[39;00m
[32m    980[39m [33;03m    :return: A ``Distribution`` instance (or subclass thereof).[39;00m
[32m    981[39m [33;03m    """[39;00m
[32m--> [39m[32m982[39m     [38;5;28;01mreturn[39;00m [43mDistribution[49m[43m.[49m[43mfrom_name[49m[43m([49m[43mdistribution_name[49m[43m)[49m

[36mFile [39m[32m/gpfs/f6/bil-fire10-oar/world-shared/gge/Miniforge3/envs/pyDAmonitor/lib/python3.11/importlib/metadata/__init__.py:563[39m, in [36mDistribution.from_name[39m[34m(cls, name)[39m
[32m    561[39m     [38;5;28;01mraise[39;00m [38;5;167;01mValueError[39;00m([33m"[39m[33mA distribution name is required.[39m[33m"[39m)
[32m    562[39m [38;5;28;01mtry[39;00m:
[32m--> [39m[32m563[39m     [38;5;28;01mreturn[39;00m [38;5;28;43mnext[39;49m[43m([49m[38;5;28;43mcls[39;49m[43m.[49m[43mdiscover[49m[43m([49m[43mname[49m[43m=[49m[43mname[49m[43m)[49m[43m)[49m
[32m    564[39m [38;5;28;01mexcept[39;00m [38;5;167;01mStopIteration[39;00m:
[32m    565[39m     [38;5;28;01mraise[39;00m PackageNotFoundError(name)

[36mFile [39m[32m/gpfs/f6/bil-fire10-oar/world-shared/gge/Miniforge3/envs/pyDAmonitor/lib/python3.11/importlib/metadata/__init__.py:915[39m, in [36m<genexpr>[39m[34m(.0)[39m
[32m    912[39m [38;5;250m[39m[33;03m"""Find metadata directories in paths heuristically."""[39;00m
[32m    913[39m prepared = Prepared(name)
[32m    914[39m [38;5;28;01mreturn[39;00m itertools.chain.from_iterable(
[32m--> [39m[32m915[39m     [43mpath[49m[43m.[49m[43msearch[49m[43m([49m[43mprepared[49m[43m)[49m [38;5;28;01mfor[39;00m path [38;5;129;01min[39;00m [38;5;28mmap[39m(FastPath, paths)
[32m    916[39m )

[36mFile [39m[32m/gpfs/f6/bil-fire10-oar/world-shared/gge/Miniforge3/envs/pyDAmonitor/lib/python3.11/importlib/metadata/__init__.py:813[39m, in [36mFastPath.search[39m[34m(self, name)[39m
[32m    812[39m [38;5;28;01mdef[39;00m[38;5;250m [39m[34msearch[39m([38;5;28mself[39m, name):
[32m--> [39m[32m813[39m     [38;5;28;01mreturn[39;00m [38;5;28mself[39m.lookup([38;5;28;43mself[39;49m[43m.[49m[43mmtime[49m).search(name)

[36mFile [39m[32m/gpfs/f6/bil-fire10-oar/world-shared/gge/Miniforge3/envs/pyDAmonitor/lib/python3.11/importlib/metadata/__init__.py:818[39m, in [36mFastPath.mtime[39m[34m(self)[39m
[32m    815[39m [38;5;129m@property[39m
[32m    816[39m [38;5;28;01mdef[39;00m[38;5;250m [39m[34mmtime[39m([38;5;28mself[39m):
[32m    817[39m     [38;5;28;01mwith[39;00m suppress([38;5;167;01mOSError[39;00m):
[32m--> [39m[32m818[39m         [38;5;28;01mreturn[39;00m [43mos[49m[43m.[49m[43mstat[49m[43m([49m[38;5;28;43mself[39;49m[43m.[49m[43mroot[49m[43m)[49m.st_mtime
[32m    819[39m     [38;5;28mself[39m.lookup.cache_clear()

[31mTypeError[39m: stat: path should be string, bytes, os.PathLike or integer, not NoneType

