Traceback (most recent call last):
  File "/gpfs/f6/bil-fire10-oar/world-shared/gge/Miniforge3/envs/pyDAmonitor/lib/python3.11/site-packages/jupyter_core/utils/__init__.py", line 154, in wrapped
    asyncio.get_running_loop()
RuntimeError: no running event loop

During handling of the above exception, another exception occurred:

Traceback (most recent call last):
  File "/gpfs/f6/bil-fire10-oar/world-shared/gge/Miniforge3/envs/pyDAmonitor/lib/python3.11/site-packages/jupyter_cache/executors/utils.py", line 58, in single_nb_execution
    executenb(
  File "/gpfs/f6/bil-fire10-oar/world-shared/gge/Miniforge3/envs/pyDAmonitor/lib/python3.11/site-packages/nbclient/client.py", line 1319, in execute
    return NotebookClient(nb=nb, resources=resources, km=km, **kwargs).execute()
           ^^^^^^^^^^^^^^^^^^^^^^^^^^^^^^^^^^^^^^^^^^^^^^^^^^^^^^^^^^^^^^^^^^^^^
  File "/gpfs/f6/bil-fire10-oar/world-shared/gge/Miniforge3/envs/pyDAmonitor/lib/python3.11/site-packages/jupyter_core/utils/__init__.py", line 158, in wrapped
    return loop.run_until_complete(inner)
           ^^^^^^^^^^^^^^^^^^^^^^^^^^^^^^
  File "/gpfs/f6/bil-fire10-oar/world-shared/gge/Miniforge3/envs/pyDAmonitor/lib/python3.11/asyncio/base_events.py", line 654, in run_until_complete
    return future.result()
           ^^^^^^^^^^^^^^^
  File "/gpfs/f6/bil-fire10-oar/world-shared/gge/Miniforge3/envs/pyDAmonitor/lib/python3.11/site-packages/nbclient/client.py", line 709, in async_execute
    await self.async_execute_cell(
  File "/gpfs/f6/bil-fire10-oar/world-shared/gge/Miniforge3/envs/pyDAmonitor/lib/python3.11/site-packages/nbclient/client.py", line 1062, in async_execute_cell
    await self._check_raise_for_error(cell, cell_index, exec_reply)
  File "/gpfs/f6/bil-fire10-oar/world-shared/gge/Miniforge3/envs/pyDAmonitor/lib/python3.11/site-packages/nbclient/client.py", line 918, in _check_raise_for_error
    raise CellExecutionError.from_cell_and_msg(cell, exec_reply_content)
nbclient.exceptions.CellExecutionError: An error occurred while executing the following cell:
------------------
%%time 

# autoload external python modules if they changed
%load_ext autoreload
%autoreload 2

import os, sys
pyDAmonitor_ROOT=os.getenv("pyDAmonitor_ROOT")
if pyDAmonitor_ROOT is None:
    print("!!! pyDAmonitor_ROOT is NOT set. Run `source ush/load_pyDAmonitor.sh`")
else:
    print(f"pyDAmonitor_ROOT={pyDAmonitor_ROOT}\n")
sys.path.insert(0, pyDAmonitor_ROOT)
    
from DAmonitor.base import query_dataset, query_data, query_obj
------------------

----- stdout -----
!!! pyDAmonitor_ROOT is NOT set. Run `source ush/load_pyDAmonitor.sh`
CPU times: user 7.73 ms, sys: 19.8 ms, total: 27.6 ms
Wall time: 26.8 ms
------------------

[31m---------------------------------------------------------------------------[39m
[31mModuleNotFoundError[39m                       Traceback (most recent call last)
[36mCell[39m[36m [39m[32mIn[1][39m[32m, line 1[39m
[32m----> [39m[32m1[39m [43mget_ipython[49m[43m([49m[43m)[49m[43m.[49m[43mrun_cell_magic[49m[43m([49m[33;43m'[39;49m[33;43mtime[39;49m[33;43m'[39;49m[43m,[49m[43m [49m[33;43m'[39;49m[33;43m'[39;49m[43m,[49m[43m [49m[33;43m'[39;49m[38;5;130;43;01m\n[39;49;00m[33;43m# autoload external python modules if they changed[39;49m[38;5;130;43;01m\n[39;49;00m[38;5;132;43;01m%lo[39;49;00m[33;43mad_ext autoreload[39;49m[38;5;130;43;01m\n[39;49;00m[38;5;132;43;01m%a[39;49;00m[33;43mutoreload 2[39;49m[38;5;130;43;01m\n[39;49;00m[38;5;130;43;01m\n[39;49;00m[33;43mimport os, sys[39;49m[38;5;130;43;01m\n[39;49;00m[33;43mpyDAmonitor_ROOT=os.getenv([39;49m[33;43m"[39;49m[33;43mpyDAmonitor_ROOT[39;49m[33;43m"[39;49m[33;43m)[39;49m[38;5;130;43;01m\n[39;49;00m[33;43mif pyDAmonitor_ROOT is None:[39;49m[38;5;130;43;01m\n[39;49;00m[33;43m    print([39;49m[33;43m"[39;49m[33;43m!!! pyDAmonitor_ROOT is NOT set. Run `source ush/load_pyDAmonitor.sh`[39;49m[33;43m"[39;49m[33;43m)[39;49m[38;5;130;43;01m\n[39;49;00m[33;43melse:[39;49m[38;5;130;43;01m\n[39;49;00m[33;43m    print(f[39;49m[33;43m"[39;49m[33;43mpyDAmonitor_ROOT=[39;49m[38;5;132;43;01m{pyDAmonitor_ROOT}[39;49;00m[38;5;130;43;01m\\[39;49;00m[33;43mn[39;49m[33;43m"[39;49m[33;43m)[39;49m[38;5;130;43;01m\n[39;49;00m[33;43msys.path.insert(0, pyDAmonitor_ROOT)[39;49m[38;5;130;43;01m\n[39;49;00m[38;5;130;43;01m\n[39;49;00m[33;43mfrom DAmonitor.base import query_dataset, query_data, query_obj[39;49m[38;5;130;43;01m\n[39;49;00m[33;43m'[39;49m[43m)[49m

[36mFile [39m[32m/gpfs/f6/bil-fire10-oar/world-shared/gge/Miniforge3/envs/pyDAmonitor/lib/python3.11/site-packages/IPython/core/interactiveshell.py:2565[39m, in [36mInteractiveShell.run_cell_magic[39m[34m(self, magic_name, line, cell)[39m
[32m   2563[39m [38;5;28;01mwith[39;00m [38;5;28mself[39m.builtin_trap:
[32m   2564[39m     args = (magic_arg_s, cell)
[32m-> [39m[32m2565[39m     result = [43mfn[49m[43m([49m[43m*[49m[43margs[49m[43m,[49m[43m [49m[43m*[49m[43m*[49m[43mkwargs[49m[43m)[49m
[32m   2567[39m [38;5;66;03m# The code below prevents the output from being displayed[39;00m
[32m   2568[39m [38;5;66;03m# when using magics with decorator @output_can_be_silenced[39;00m
[32m   2569[39m [38;5;66;03m# when the last Python token in the expression is a ';'.[39;00m
[32m   2570[39m [38;5;28;01mif[39;00m [38;5;28mgetattr[39m(fn, magic.MAGIC_OUTPUT_CAN_BE_SILENCED, [38;5;28;01mFalse[39;00m):

[36mFile [39m[32m/gpfs/f6/bil-fire10-oar/world-shared/gge/Miniforge3/envs/pyDAmonitor/lib/python3.11/site-packages/IPython/core/magics/execution.py:1470[39m, in [36mExecutionMagics.time[39m[34m(self, line, cell, local_ns)[39m
[32m   1468[39m [38;5;28;01mif[39;00m interrupt_occured:
[32m   1469[39m     [38;5;28;01mif[39;00m exit_on_interrupt [38;5;129;01mand[39;00m captured_exception:
[32m-> [39m[32m1470[39m         [38;5;28;01mraise[39;00m captured_exception
[32m   1471[39m     [38;5;28;01mreturn[39;00m
[32m   1472[39m [38;5;28;01mreturn[39;00m out

[36mFile [39m[32m/gpfs/f6/bil-fire10-oar/world-shared/gge/Miniforge3/envs/pyDAmonitor/lib/python3.11/site-packages/IPython/core/magics/execution.py:1434[39m, in [36mExecutionMagics.time[39m[34m(self, line, cell, local_ns)[39m
[32m   1432[39m st = clock2()
[32m   1433[39m [38;5;28;01mtry[39;00m:
[32m-> [39m[32m1434[39m     [43mexec[49m[43m([49m[43mcode[49m[43m,[49m[43m [49m[43mglob[49m[43m,[49m[43m [49m[43mlocal_ns[49m[43m)[49m
[32m   1435[39m     out = [38;5;28;01mNone[39;00m
[32m   1436[39m     [38;5;66;03m# multi-line %%time case[39;00m

[36mFile [39m[32m<timed exec>:13[39m

[31mModuleNotFoundError[39m: No module named 'DAmonitor'

