Traceback (most recent call last):
  File "/gpfs/f6/bil-fire10-oar/world-shared/gge/Miniforge3/envs/pyDAmonitor/lib/python3.11/site-packages/jupyter_core/utils/__init__.py", line 154, in wrapped
    asyncio.get_running_loop()
RuntimeError: no running event loop

During handling of the above exception, another exception occurred:

Traceback (most recent call last):
  File "/gpfs/f6/bil-fire10-oar/world-shared/gge/Miniforge3/envs/pyDAmonitor/lib/python3.11/site-packages/jupyter_cache/executors/utils.py", line 58, in single_nb_execution
    executenb(
  File "/gpfs/f6/bil-fire10-oar/world-shared/gge/Miniforge3/envs/pyDAmonitor/lib/python3.11/site-packages/nbclient/client.py", line 1319, in execute
    return NotebookClient(nb=nb, resources=resources, km=km, **kwargs).execute()
           ^^^^^^^^^^^^^^^^^^^^^^^^^^^^^^^^^^^^^^^^^^^^^^^^^^^^^^^^^^^^^^^^^^^^^
  File "/gpfs/f6/bil-fire10-oar/world-shared/gge/Miniforge3/envs/pyDAmonitor/lib/python3.11/site-packages/jupyter_core/utils/__init__.py", line 158, in wrapped
    return loop.run_until_complete(inner)
           ^^^^^^^^^^^^^^^^^^^^^^^^^^^^^^
  File "/gpfs/f6/bil-fire10-oar/world-shared/gge/Miniforge3/envs/pyDAmonitor/lib/python3.11/asyncio/base_events.py", line 654, in run_until_complete
    return future.result()
           ^^^^^^^^^^^^^^^
  File "/gpfs/f6/bil-fire10-oar/world-shared/gge/Miniforge3/envs/pyDAmonitor/lib/python3.11/site-packages/nbclient/client.py", line 709, in async_execute
    await self.async_execute_cell(
  File "/gpfs/f6/bil-fire10-oar/world-shared/gge/Miniforge3/envs/pyDAmonitor/lib/python3.11/site-packages/nbclient/client.py", line 1062, in async_execute_cell
    await self._check_raise_for_error(cell, cell_index, exec_reply)
  File "/gpfs/f6/bil-fire10-oar/world-shared/gge/Miniforge3/envs/pyDAmonitor/lib/python3.11/site-packages/nbclient/client.py", line 918, in _check_raise_for_error
    raise CellExecutionError.from_cell_and_msg(cell, exec_reply_content)
nbclient.exceptions.CellExecutionError: An error occurred while executing the following cell:
------------------
%%time 

# autoload external python modules if they changed
%load_ext autoreload
%autoreload 2

import sys, os
pyDAmonitor_ROOT=os.getenv("pyDAmonitor_ROOT")
if pyDAmonitor_ROOT is None:
    print("!!! pyDAmonitor_ROOT is NOT set. Run `source ush/load_pyDAmonitor.sh`")
else:
    print(f"pyDAmonitor_ROOT={pyDAmonitor_ROOT}\n")
sys.path.insert(0, pyDAmonitor_ROOT)

# import modules
import warnings
import cartopy.crs as ccrs
import geoviews.feature as gf
import holoviews as hv
import hvplot.xarray
from holoviews import opts
import uxarray as ux
import xarray as xr
import numpy as np
import matplotlib.pyplot as plt
hv.extension("bokeh")
# hv.extension("matplotlib")

import geoviews as gv
import cartopy.crs as ccrs
import geopandas as gp
------------------

----- stdout -----
!!! pyDAmonitor_ROOT is NOT set. Run `source ush/load_pyDAmonitor.sh`
CPU times: user 6.68 s, sys: 37.9 ms, total: 6.72 s
Wall time: 142 ms
------------------

[31m---------------------------------------------------------------------------[39m
[31mTypeError[39m                                 Traceback (most recent call last)
[36mCell[39m[36m [39m[32mIn[1][39m[32m, line 1[39m
[32m----> [39m[32m1[39m [43mget_ipython[49m[43m([49m[43m)[49m[43m.[49m[43mrun_cell_magic[49m[43m([49m[33;43m'[39;49m[33;43mtime[39;49m[33;43m'[39;49m[43m,[49m[43m [49m[33;43m'[39;49m[33;43m'[39;49m[43m,[49m[43m [49m[33;43m'[39;49m[38;5;130;43;01m\n[39;49;00m[33;43m# autoload external python modules if they changed[39;49m[38;5;130;43;01m\n[39;49;00m[38;5;132;43;01m%lo[39;49;00m[33;43mad_ext autoreload[39;49m[38;5;130;43;01m\n[39;49;00m[38;5;132;43;01m%a[39;49;00m[33;43mutoreload 2[39;49m[38;5;130;43;01m\n[39;49;00m[38;5;130;43;01m\n[39;49;00m[33;43mimport sys, os[39;49m[38;5;130;43;01m\n[39;49;00m[33;43mpyDAmonitor_ROOT=os.getenv([39;49m[33;43m"[39;49m[33;43mpyDAmonitor_ROOT[39;49m[33;43m"[39;49m[33;43m)[39;49m[38;5;130;43;01m\n[39;49;00m[33;43mif pyDAmonitor_ROOT is None:[39;49m[38;5;130;43;01m\n[39;49;00m[33;43m    print([39;49m[33;43m"[39;49m[33;43m!!! pyDAmonitor_ROOT is NOT set. Run `source ush/load_pyDAmonitor.sh`[39;49m[33;43m"[39;49m[33;43m)[39;49m[38;5;130;43;01m\n[39;49;00m[33;43melse:[39;49m[38;5;130;43;01m\n[39;49;00m[33;43m    print(f[39;49m[33;43m"[39;49m[33;43mpyDAmonitor_ROOT=[39;49m[38;5;132;43;01m{pyDAmonitor_ROOT}[39;49;00m[38;5;130;43;01m\\[39;49;00m[33;43mn[39;49m[33;43m"[39;49m[33;43m)[39;49m[38;5;130;43;01m\n[39;49;00m[33;43msys.path.insert(0, pyDAmonitor_ROOT)[39;49m[38;5;130;43;01m\n[39;49;00m[38;5;130;43;01m\n[39;49;00m[33;43m# import modules[39;49m[38;5;130;43;01m\n[39;49;00m[33;43mimport warnings[39;49m[38;5;130;43;01m\n[39;49;00m[33;43mimport cartopy.crs as ccrs[39;49m[38;5;130;43;01m\n[39;49;00m[33;43mimport geoviews.feature as gf[39;49m[38;5;130;43;01m\n[39;49;00m[33;43mimport holoviews as hv[39;49m[38;5;130;43;01m\n[39;49;00m[33;43mimport hvplot.xarray[39;49m[38;5;130;43;01m\n[39;49;00m[33;43mfrom holoviews import opts[39;49m[38;5;130;43;01m\n[39;49;00m[33;43mimport uxarray as ux[39;49m[38;5;130;43;01m\n[39;49;00m[33;43mimport xarray as xr[39;49m[38;5;130;43;01m\n[39;49;00m[33;43mimport numpy as np[39;49m[38;5;130;43;01m\n[39;49;00m[33;43mimport matplotlib.pyplot as plt[39;49m[38;5;130;43;01m\n[39;49;00m[33;43mhv.extension([39;49m[33;43m"[39;49m[33;43mbokeh[39;49m[33;43m"[39;49m[33;43m)[39;49m[38;5;130;43;01m\n[39;49;00m[33;43m# hv.extension([39;49m[33;43m"[39;49m[33;43mmatplotlib[39;49m[33;43m"[39;49m[33;43m)[39;49m[38;5;130;43;01m\n[39;49;00m[38;5;130;43;01m\n[39;49;00m[33;43mimport geoviews as gv[39;49m[38;5;130;43;01m\n[39;49;00m[33;43mimport cartopy.crs as ccrs[39;49m[38;5;130;43;01m\n[39;49;00m[33;43mimport geopandas as gp[39;49m[38;5;130;43;01m\n[39;49;00m[33;43m'[39;49m[43m)[49m

[36mFile [39m[32m/gpfs/f6/bil-fire10-oar/world-shared/gge/Miniforge3/envs/pyDAmonitor/lib/python3.11/site-packages/IPython/core/interactiveshell.py:2565[39m, in [36mInteractiveShell.run_cell_magic[39m[34m(self, magic_name, line, cell)[39m
[32m   2563[39m [38;5;28;01mwith[39;00m [38;5;28mself[39m.builtin_trap:
[32m   2564[39m     args = (magic_arg_s, cell)
[32m-> [39m[32m2565[39m     result = [43mfn[49m[43m([49m[43m*[49m[43margs[49m[43m,[49m[43m [49m[43m*[49m[43m*[49m[43mkwargs[49m[43m)[49m
[32m   2567[39m [38;5;66;03m# The code below prevents the output from being displayed[39;00m
[32m   2568[39m [38;5;66;03m# when using magics with decorator @output_can_be_silenced[39;00m
[32m   2569[39m [38;5;66;03m# when the last Python token in the expression is a ';'.[39;00m
[32m   2570[39m [38;5;28;01mif[39;00m [38;5;28mgetattr[39m(fn, magic.MAGIC_OUTPUT_CAN_BE_SILENCED, [38;5;28;01mFalse[39;00m):

[36mFile [39m[32m/gpfs/f6/bil-fire10-oar/world-shared/gge/Miniforge3/envs/pyDAmonitor/lib/python3.11/site-packages/IPython/core/magics/execution.py:1470[39m, in [36mExecutionMagics.time[39m[34m(self, line, cell, local_ns)[39m
[32m   1468[39m [38;5;28;01mif[39;00m interrupt_occured:
[32m   1469[39m     [38;5;28;01mif[39;00m exit_on_interrupt [38;5;129;01mand[39;00m captured_exception:
[32m-> [39m[32m1470[39m         [38;5;28;01mraise[39;00m captured_exception
[32m   1471[39m     [38;5;28;01mreturn[39;00m
[32m   1472[39m [38;5;28;01mreturn[39;00m out

[36mFile [39m[32m/gpfs/f6/bil-fire10-oar/world-shared/gge/Miniforge3/envs/pyDAmonitor/lib/python3.11/site-packages/IPython/core/magics/execution.py:1434[39m, in [36mExecutionMagics.time[39m[34m(self, line, cell, local_ns)[39m
[32m   1432[39m st = clock2()
[32m   1433[39m [38;5;28;01mtry[39;00m:
[32m-> [39m[32m1434[39m     [43mexec[49m[43m([49m[43mcode[49m[43m,[49m[43m [49m[43mglob[49m[43m,[49m[43m [49m[43mlocal_ns[49m[43m)[49m
[32m   1435[39m     out = [38;5;28;01mNone[39;00m
[32m   1436[39m     [38;5;66;03m# multi-line %%time case[39;00m

[36mFile [39m[32m<timed exec>:16[39m

[36mFile [39m[32m/gpfs/f6/bil-fire10-oar/world-shared/gge/Miniforge3/envs/pyDAmonitor/lib/python3.11/site-packages/geoviews/__init__.py:3[39m
[32m      1[39m [38;5;28;01mfrom[39;00m[38;5;250m [39m[34;01mfunctools[39;00m[38;5;250m [39m[38;5;28;01mimport[39;00m partial
[32m----> [39m[32m3[39m [38;5;28;01mfrom[39;00m[38;5;250m [39m[34;01mholoviews[39;00m[38;5;250m [39m[38;5;28;01mimport[39;00m (
[32m      4[39m     Cycle,
[32m      5[39m     Dimension,
[32m      6[39m     DynamicMap,
[32m      7[39m     GridSpace,
[32m      8[39m     HoloMap,
[32m      9[39m     Layout,
[32m     10[39m     NdLayout,
[32m     11[39m     NdOverlay,
[32m     12[39m     Overlay,
[32m     13[39m     Palette,
[32m     14[39m     Store,
[32m     15[39m     dim,
[32m     16[39m     extension,
[32m     17[39m     help,
[32m     18[39m     opts,
[32m     19[39m     output,
[32m     20[39m     render,
[32m     21[39m     renderer,
[32m     22[39m     save,
[32m     23[39m )
[32m     25[39m [38;5;28;01mfrom[39;00m[38;5;250m [39m[34;01m.[39;00m[38;5;250m [39m[38;5;28;01mimport[39;00m data, feature, plotting, tile_sources
[32m     26[39m [38;5;28;01mfrom[39;00m[38;5;250m [39m[34;01m.[39;00m[34;01m__version[39;00m[38;5;250m [39m[38;5;28;01mimport[39;00m __version__

[36mFile [39m[32m/gpfs/f6/bil-fire10-oar/world-shared/gge/Miniforge3/envs/pyDAmonitor/lib/python3.11/site-packages/holoviews/__init__.py:84[39m
[32m     80[39m [38;5;28;01mfrom[39;00m[38;5;250m [39m[34;01mtyping[39;00m[38;5;250m [39m[38;5;28;01mimport[39;00m TYPE_CHECKING
[32m     82[39m [38;5;28;01mimport[39;00m[38;5;250m [39m[34;01mparam[39;00m
[32m---> [39m[32m84[39m [38;5;28;01mfrom[39;00m[38;5;250m [39m[34;01m.[39;00m[38;5;250m [39m[38;5;28;01mimport[39;00m util  [38;5;66;03m# noqa (API import)[39;00m
[32m     85[39m [38;5;28;01mfrom[39;00m[38;5;250m [39m[34;01m.[39;00m[34;01m__version[39;00m[38;5;250m [39m[38;5;28;01mimport[39;00m __version__
[32m     86[39m [38;5;28;01mfrom[39;00m[38;5;250m [39m[34;01m.[39;00m[34;01mcore[39;00m[38;5;250m [39m[38;5;28;01mimport[39;00m archive, config  [38;5;66;03m# noqa (API import)[39;00m

[36mFile [39m[32m/gpfs/f6/bil-fire10-oar/world-shared/gge/Miniforge3/envs/pyDAmonitor/lib/python3.11/site-packages/holoviews/util/__init__.py:13[39m
[32m     10[39m [38;5;28;01mimport[39;00m[38;5;250m [39m[34;01mparam[39;00m
[32m     11[39m [38;5;28;01mfrom[39;00m[38;5;250m [39m[34;01mpyviz_comms[39;00m[38;5;250m [39m[38;5;28;01mimport[39;00m extension [38;5;28;01mas[39;00m _pyviz_extension
[32m---> [39m[32m13[39m [38;5;28;01mfrom[39;00m[38;5;250m [39m[34;01m.[39;00m[34;01m.[39;00m[34;01mcore[39;00m[38;5;250m [39m[38;5;28;01mimport[39;00m (
[32m     14[39m     Dataset,
[32m     15[39m     Dimensioned,
[32m     16[39m     DynamicMap,
[32m     17[39m     HoloMap,
[32m     18[39m     Store,
[32m     19[39m     StoreOptions,
[32m     20[39m     ViewableElement,
[32m     21[39m     util,
[32m     22[39m )
[32m     23[39m [38;5;28;01mfrom[39;00m[38;5;250m [39m[34;01m.[39;00m[34;01m.[39;00m[34;01mcore[39;00m[34;01m.[39;00m[34;01moperation[39;00m[38;5;250m [39m[38;5;28;01mimport[39;00m Operation, OperationCallable
[32m     24[39m [38;5;28;01mfrom[39;00m[38;5;250m [39m[34;01m.[39;00m[34;01m.[39;00m[34;01mcore[39;00m[34;01m.[39;00m[34;01moptions[39;00m[38;5;250m [39m[38;5;28;01mimport[39;00m Keywords, Options, options_policy

[36mFile [39m[32m/gpfs/f6/bil-fire10-oar/world-shared/gge/Miniforge3/envs/pyDAmonitor/lib/python3.11/site-packages/holoviews/core/__init__.py:3[39m
[32m      1[39m [38;5;28;01mfrom[39;00m[38;5;250m [39m[34;01mdatetime[39;00m[38;5;250m [39m[38;5;28;01mimport[39;00m date, datetime
[32m----> [39m[32m3[39m [38;5;28;01mfrom[39;00m[38;5;250m [39m[34;01m.[39;00m[34;01mboundingregion[39;00m[38;5;250m [39m[38;5;28;01mimport[39;00m *
[32m      4[39m [38;5;28;01mfrom[39;00m[38;5;250m [39m[34;01m.[39;00m[34;01mdata[39;00m[38;5;250m [39m[38;5;28;01mimport[39;00m *
[32m      5[39m [38;5;28;01mfrom[39;00m[38;5;250m [39m[34;01m.[39;00m[34;01mdimension[39;00m[38;5;250m [39m[38;5;28;01mimport[39;00m *

[36mFile [39m[32m/gpfs/f6/bil-fire10-oar/world-shared/gge/Miniforge3/envs/pyDAmonitor/lib/python3.11/site-packages/holoviews/core/boundingregion.py:12[39m
[32m      6[39m [38;5;66;03m### JABALERT: The aarect information should probably be rewritten in[39;00m
[32m      7[39m [38;5;66;03m### matrix notation, not list notation, so that it can be scaled,[39;00m
[32m      8[39m [38;5;66;03m### translated, etc. easily.[39;00m
[32m      9[39m [38;5;66;03m###[39;00m
[32m     10[39m [38;5;28;01mfrom[39;00m[38;5;250m [39m[34;01mparam[39;00m[34;01m.[39;00m[34;01mparameterized[39;00m[38;5;250m [39m[38;5;28;01mimport[39;00m get_occupied_slots
[32m---> [39m[32m12[39m [38;5;28;01mfrom[39;00m[38;5;250m [39m[34;01m.[39;00m[34;01mutil[39;00m[38;5;250m [39m[38;5;28;01mimport[39;00m datetime_types
[32m     15[39m [38;5;28;01mclass[39;00m[38;5;250m [39m[34;01mBoundingRegion[39;00m:
[32m     16[39m [38;5;250m    [39m[33;03m"""Abstract bounding region class, for any portion of a 2D plane.[39;00m
[32m     17[39m 
[32m     18[39m [33;03m    Only subclasses can be instantiated directly.[39;00m
[32m     19[39m 
[32m     20[39m [33;03m    """[39;00m

[36mFile [39m[32m/gpfs/f6/bil-fire10-oar/world-shared/gge/Miniforge3/envs/pyDAmonitor/lib/python3.11/site-packages/holoviews/core/util/__init__.py:27[39m
[32m     24[39m [38;5;28;01mimport[39;00m[38;5;250m [39m[34;01mparam[39;00m
[32m     26[39m [38;5;28;01mfrom[39;00m[38;5;250m [39m[34;01m.[39;00m[34;01m.[39;00m[34;01m.[39;00m[34;01mutil[39;00m[34;01m.[39;00m[34;01mwarnings[39;00m[38;5;250m [39m[38;5;28;01mimport[39;00m warn
[32m---> [39m[32m27[39m [38;5;28;01mfrom[39;00m[38;5;250m [39m[34;01m.[39;00m[34;01mdependencies[39;00m[38;5;250m [39m[38;5;28;01mimport[39;00m (  [38;5;66;03m# noqa: F401[39;00m
[32m     28[39m     NUMPY_GE_2_0_0,
[32m     29[39m     NUMPY_VERSION,
[32m     30[39m     PANDAS_GE_2_1_0,
[32m     31[39m     PANDAS_GE_2_2_0,
[32m     32[39m     PANDAS_VERSION,
[32m     33[39m     PARAM_VERSION,
[32m     34[39m     VersionError,
[32m     35[39m     _LazyModule,
[32m     36[39m )
[32m     37[39m [38;5;28;01mfrom[39;00m[38;5;250m [39m[34;01m.[39;00m[34;01mtypes[39;00m[38;5;250m [39m[38;5;28;01mimport[39;00m (
[32m     38[39m     arraylike_types,
[32m     39[39m     cftime_types,
[32m   (...)[39m[32m     45[39m     timedelta_types,
[32m     46[39m )
[32m     48[39m TYPE_CHECKING = [38;5;28;01mFalse[39;00m

[36mFile [39m[32m/gpfs/f6/bil-fire10-oar/world-shared/gge/Miniforge3/envs/pyDAmonitor/lib/python3.11/site-packages/holoviews/core/util/dependencies.py:108[39m
[32m    104[39m         [38;5;28;01mreturn[39;00m [38;5;28mself[39m.__module [38;5;129;01mand[39;00m [38;5;28mself[39m.__module.__version__ [38;5;129;01mor[39;00m _get_version([38;5;28mself[39m.__package_name)
[32m    107[39m [38;5;66;03m# Versions[39;00m
[32m--> [39m[32m108[39m NUMPY_VERSION = [43m_no_import_version[49m[43m([49m[33;43m"[39;49m[33;43mnumpy[39;49m[33;43m"[39;49m[43m)[49m
[32m    109[39m PARAM_VERSION = _no_import_version([33m"[39m[33mparam[39m[33m"[39m)
[32m    110[39m PANDAS_VERSION = _no_import_version([33m"[39m[33mpandas[39m[33m"[39m)

[36mFile [39m[32m/gpfs/f6/bil-fire10-oar/world-shared/gge/Miniforge3/envs/pyDAmonitor/lib/python3.11/site-packages/holoviews/core/util/dependencies.py:36[39m, in [36m_no_import_version[39m[34m(package_name)[39m
[32m     34[39m [38;5;28;01mdef[39;00m[38;5;250m [39m[34m_no_import_version[39m(package_name) -> [38;5;28mtuple[39m[[38;5;28mint[39m, [38;5;28mint[39m, [38;5;28mint[39m]:
[32m     35[39m [38;5;250m    [39m[33;03m"""Get version number without importing the library"""[39;00m
[32m---> [39m[32m36[39m     version_str = [43m_get_version[49m[43m([49m[43mpackage_name[49m[43m)[49m
[32m     37[39m     [38;5;28;01mreturn[39;00m [38;5;28mtuple[39m([38;5;28mmap[39m([38;5;28mint[39m, _re_no.findall(version_str)[:[32m3[39m]))

[36mFile [39m[32m/gpfs/f6/bil-fire10-oar/world-shared/gge/Miniforge3/envs/pyDAmonitor/lib/python3.11/site-packages/holoviews/core/util/dependencies.py:29[39m, in [36m_get_version[39m[34m(package_name)[39m
[32m     26[39m [38;5;129m@lru_cache[39m
[32m     27[39m [38;5;28;01mdef[39;00m[38;5;250m [39m[34m_get_version[39m(package_name):
[32m     28[39m     [38;5;28;01mtry[39;00m:
[32m---> [39m[32m29[39m         [38;5;28;01mreturn[39;00m [43mversion[49m[43m([49m[43mpackage_name[49m[43m)[49m
[32m     30[39m     [38;5;28;01mexcept[39;00m PackageNotFoundError:
[32m     31[39m         [38;5;28;01mreturn[39;00m [33m"[39m[33m0.0.0[39m[33m"[39m

[36mFile [39m[32m/gpfs/f6/bil-fire10-oar/world-shared/gge/Miniforge3/envs/pyDAmonitor/lib/python3.11/importlib/metadata/__init__.py:1009[39m, in [36mversion[39m[34m(distribution_name)[39m
[32m   1002[39m [38;5;28;01mdef[39;00m[38;5;250m [39m[34mversion[39m(distribution_name):
[32m   1003[39m [38;5;250m    [39m[33;03m"""Get the version string for the named package.[39;00m
[32m   1004[39m 
[32m   1005[39m [33;03m    :param distribution_name: The name of the distribution package to query.[39;00m
[32m   1006[39m [33;03m    :return: The version string for the package as defined in the package's[39;00m
[32m   1007[39m [33;03m        "Version" metadata key.[39;00m
[32m   1008[39m [33;03m    """[39;00m
[32m-> [39m[32m1009[39m     [38;5;28;01mreturn[39;00m [43mdistribution[49m[43m([49m[43mdistribution_name[49m[43m)[49m.version

[36mFile [39m[32m/gpfs/f6/bil-fire10-oar/world-shared/gge/Miniforge3/envs/pyDAmonitor/lib/python3.11/importlib/metadata/__init__.py:982[39m, in [36mdistribution[39m[34m(distribution_name)[39m
[32m    976[39m [38;5;28;01mdef[39;00m[38;5;250m [39m[34mdistribution[39m(distribution_name):
[32m    977[39m [38;5;250m    [39m[33;03m"""Get the ``Distribution`` instance for the named package.[39;00m
[32m    978[39m 
[32m    979[39m [33;03m    :param distribution_name: The name of the distribution package as a string.[39;00m
[32m    980[39m [33;03m    :return: A ``Distribution`` instance (or subclass thereof).[39;00m
[32m    981[39m [33;03m    """[39;00m
[32m--> [39m[32m982[39m     [38;5;28;01mreturn[39;00m [43mDistribution[49m[43m.[49m[43mfrom_name[49m[43m([49m[43mdistribution_name[49m[43m)[49m

[36mFile [39m[32m/gpfs/f6/bil-fire10-oar/world-shared/gge/Miniforge3/envs/pyDAmonitor/lib/python3.11/importlib/metadata/__init__.py:563[39m, in [36mDistribution.from_name[39m[34m(cls, name)[39m
[32m    561[39m     [38;5;28;01mraise[39;00m [38;5;167;01mValueError[39;00m([33m"[39m[33mA distribution name is required.[39m[33m"[39m)
[32m    562[39m [38;5;28;01mtry[39;00m:
[32m--> [39m[32m563[39m     [38;5;28;01mreturn[39;00m [38;5;28;43mnext[39;49m[43m([49m[38;5;28;43mcls[39;49m[43m.[49m[43mdiscover[49m[43m([49m[43mname[49m[43m=[49m[43mname[49m[43m)[49m[43m)[49m
[32m    564[39m [38;5;28;01mexcept[39;00m [38;5;167;01mStopIteration[39;00m:
[32m    565[39m     [38;5;28;01mraise[39;00m PackageNotFoundError(name)

[36mFile [39m[32m/gpfs/f6/bil-fire10-oar/world-shared/gge/Miniforge3/envs/pyDAmonitor/lib/python3.11/importlib/metadata/__init__.py:915[39m, in [36m<genexpr>[39m[34m(.0)[39m
[32m    912[39m [38;5;250m[39m[33;03m"""Find metadata directories in paths heuristically."""[39;00m
[32m    913[39m prepared = Prepared(name)
[32m    914[39m [38;5;28;01mreturn[39;00m itertools.chain.from_iterable(
[32m--> [39m[32m915[39m     [43mpath[49m[43m.[49m[43msearch[49m[43m([49m[43mprepared[49m[43m)[49m [38;5;28;01mfor[39;00m path [38;5;129;01min[39;00m [38;5;28mmap[39m(FastPath, paths)
[32m    916[39m )

[36mFile [39m[32m/gpfs/f6/bil-fire10-oar/world-shared/gge/Miniforge3/envs/pyDAmonitor/lib/python3.11/importlib/metadata/__init__.py:813[39m, in [36mFastPath.search[39m[34m(self, name)[39m
[32m    812[39m [38;5;28;01mdef[39;00m[38;5;250m [39m[34msearch[39m([38;5;28mself[39m, name):
[32m--> [39m[32m813[39m     [38;5;28;01mreturn[39;00m [38;5;28mself[39m.lookup([38;5;28;43mself[39;49m[43m.[49m[43mmtime[49m).search(name)

[36mFile [39m[32m/gpfs/f6/bil-fire10-oar/world-shared/gge/Miniforge3/envs/pyDAmonitor/lib/python3.11/importlib/metadata/__init__.py:818[39m, in [36mFastPath.mtime[39m[34m(self)[39m
[32m    815[39m [38;5;129m@property[39m
[32m    816[39m [38;5;28;01mdef[39;00m[38;5;250m [39m[34mmtime[39m([38;5;28mself[39m):
[32m    817[39m     [38;5;28;01mwith[39;00m suppress([38;5;167;01mOSError[39;00m):
[32m--> [39m[32m818[39m         [38;5;28;01mreturn[39;00m [43mos[49m[43m.[49m[43mstat[49m[43m([49m[38;5;28;43mself[39;49m[43m.[49m[43mroot[49m[43m)[49m.st_mtime
[32m    819[39m     [38;5;28mself[39m.lookup.cache_clear()

[31mTypeError[39m: stat: path should be string, bytes, os.PathLike or integer, not NoneType

